
> snipforge-client@1.0.0 build
> react-scripts build

Creating an optimized production build...
Compiled successfully.

File sizes after gzip:

  62.88 kB (+834 B)  build\static\js\main.fd03281e.js
  7.59 kB (+520 B)   build\static\css\main.b27be3cf.css

The project was built assuming it is hosted at /.
You can control this with the homepage field in your package.json.

The build folder is ready to be deployed.
You may serve it with a static server:

  npm install -g serve
  serve -s build

Find out more about deployment here:

  https://cra.link/deployment

